// Jest Snapshot v1, https://jestjs.io/docs/snapshot-testing

exports[`Dropdown component Renders dropdown component 1`] = `
<div>
  <button
    aria-expanded="false"
    aria-haspopup="menu"
    class="relative w-[178px]"
    data-slot="dropdown-menu-trigger"
    data-state="closed"
    id="radix-«r0»"
    type="button"
  >
    <span
      aria-label="dropdown"
      class="w-full border border-theme-gray-350 rounded px-4 py-2.5 cursor-pointer text-sm dark:text-white inline-block text-left"
    >
      Sort by: defaultValue
    </span>
    <span
      class="absolute right-3 top-1/2 -translate-y-1/2 pointer-events-none"
    >
      <svg
        aria-hidden="true"
        class="lucide lucide-chevron-down text-black dark:text-white"
        fill="none"
        height="16"
        stroke="currentColor"
        stroke-linecap="round"
        stroke-linejoin="round"
        stroke-width="2"
        viewBox="0 0 24 24"
        width="16"
        xmlns="http://www.w3.org/2000/svg"
      >
        <path
          d="m6 9 6 6 6-6"
        />
      </svg>
    </span>
  </button>
</div>
`;
