// Jest Snapshot v1, https://jestjs.io/docs/snapshot-testing

exports[`Contact section Component renders contact section component 1`] = `
<div>
  <section
    class="flex flex-col gap-5 min-[1000px]:gap-[74px] mt-20 mb-[30px] min-[800px]:flex-row"
  >
    <div
      class="bg-card text-card-foreground flex flex-col gap-6 p-5 dark:bg-zinc-800 w-full max-w-[312px] py-4 shadow-xl rounded-[10px] mx-auto min-[800px]:mx-0"
      data-slot="card"
    >
      <div
        class="flex flex-col items-center gap-4 pb-6 border-b border-gray-200 pt-0"
        data-slot="card-content"
      >
        <svg
          fill="none"
          height="51px"
          viewBox="0 0 52 52"
          width="51px"
          xmlns="http://www.w3.org/2000/svg"
        >
          <path
            d="M11.6562 46.7188H40.3438"
            stroke="#6C9D30"
            stroke-linecap="round"
            stroke-linejoin="round"
            stroke-width="2"
          />
          <path
            d="M26 27.5938C27.6908 27.5938 29.3123 26.9221 30.5078 25.7266C31.7033 24.531 32.375 22.9095 32.375 21.2188C32.375 19.528 31.7033 17.9065 30.5078 16.7109C29.3123 15.5154 27.6908 14.8438 26 14.8438C24.3092 14.8438 22.6877 15.5154 21.4922 16.7109C20.2966 17.9065 19.625 19.528 19.625 21.2188C19.625 22.9095 20.2966 24.531 21.4922 25.7266C22.6877 26.9221 24.3092 27.5938 26 27.5938V27.5938Z"
            stroke="#6C9D30"
            stroke-linecap="round"
            stroke-linejoin="round"
            stroke-width="2"
          />
          <path
            d="M41.9375 21.2188C41.9375 35.5625 26 46.7188 26 46.7188C26 46.7188 10.0625 35.5625 10.0625 21.2188C10.0625 16.9919 11.7416 12.9381 14.7305 9.94924C17.7193 6.96037 21.7731 5.28125 26 5.28125C30.2269 5.28125 34.2807 6.96037 37.2695 9.94924C40.2584 12.9381 41.9375 16.9919 41.9375 21.2188V21.2188Z"
            stroke="#6C9D30"
            stroke-linecap="round"
            stroke-linejoin="round"
            stroke-width="2"
          />
        </svg>
        <div
          class="flex flex-col gap-1 text-center dark:text-white"
        >
          <span
            class="text-base"
          >
            2715 Ash Dr. San Jose, South
          </span>
          <span
            class="text-base"
          >
            Dakota 83475
          </span>
        </div>
      </div>
      <div
        class="flex flex-col items-center gap-4 pt-6 pb-6 border-b border-gray-200"
        data-slot="card-content"
      >
        <svg
          fill="none"
          height="51px"
          viewBox="0 0 52 52"
          width="51px"
          xmlns="http://www.w3.org/2000/svg"
        >
          <g
            clip-path="url(#clip0_215_3073)"
          >
            <path
              d="M48.95 6.44983H3.05C1.64172 6.44983 0.5 7.59145 0.5 8.99983V42.9998C0.5 44.4081 1.64162 45.5498 3.05 45.5498H48.95C50.3583 45.5498 51.5 44.4082 51.5 42.9998V8.99983C51.5 7.59155 50.3584 6.44983 48.95 6.44983ZM49.8 42.9999C49.8 43.4694 49.4195 43.8499 48.95 43.8499H3.05C2.58054 43.8499 2.20003 43.4694 2.20003 42.9999V8.99983C2.20003 8.53037 2.58054 8.14986 3.05 8.14986H48.95C49.4195 8.14986 49.8 8.53037 49.8 8.99983V42.9999Z"
              fill="#6C9D30"
            />
            <path
              d="M47.3244 9.85314C47.0998 9.83351 46.8766 9.90394 46.7039 10.049L27.0943 26.5219C26.4619 27.0535 25.5388 27.0535 24.9064 26.5219L5.29703 10.0489C5.06444 9.85363 4.74529 9.79725 4.45991 9.90105C4.17453 10.0048 3.96614 10.2531 3.91335 10.5522C3.86056 10.8513 3.97132 11.1558 4.20391 11.3511L23.8134 27.8232C25.0773 28.8873 26.9236 28.8873 28.1876 27.8232L47.797 11.3512C47.9697 11.2062 48.0777 10.9986 48.0973 10.774C48.1169 10.5494 48.0465 10.3262 47.9014 10.1536C47.7566 9.98074 47.549 9.87276 47.3244 9.85314Z"
              fill="#6C9D30"
            />
            <path
              d="M16.8483 27.7059C16.5474 27.6387 16.2339 27.7397 16.0287 27.9698L4.12863 40.7198C3.91327 40.9403 3.83418 41.2603 3.92204 41.5557C4.00989 41.8513 4.25085 42.076 4.55167 42.1431C4.85259 42.2103 5.16616 42.1093 5.37135 41.8792L17.2714 29.1292C17.4867 28.9086 17.5658 28.5887 17.478 28.2932C17.3901 27.9978 17.1493 27.773 16.8483 27.7059Z"
              fill="#6C9D30"
            />
            <path
              d="M35.9709 27.9699C35.7658 27.7398 35.4521 27.6388 35.1512 27.706C34.8503 27.7731 34.6094 27.9979 34.5216 28.2934C34.4337 28.5889 34.5128 28.9088 34.7282 29.1293L46.6282 41.8793C46.9509 42.2098 47.4785 42.2221 47.8162 41.907C48.154 41.5918 48.1783 41.0647 47.8709 40.7198L35.9709 27.9699Z"
              fill="#6C9D30"
            />
          </g>
          <defs>
            <clippath
              id="clip0_215_3073"
            >
              <rect
                fill="white"
                height="51"
                transform="translate(0.5 0.5)"
                width="51"
              />
            </clippath>
          </defs>
        </svg>
        <div
          class="flex flex-col gap-1 text-center dark:text-white"
        >
          <span
            class="text-base"
          >
            Proxy@gmail.com
          </span>
          <span
            class="text-base"
          >
            Help.proxy@gmail.com
          </span>
        </div>
      </div>
      <div
        class="flex flex-col items-center gap-4 pt-6 pb-0"
        data-slot="card-content"
      >
        <svg
          fill="none"
          height="51px"
          viewBox="0 0 42 42"
          width="51px"
          xmlns="http://www.w3.org/2000/svg"
        >
          <path
            d="M26.9824 2.742C29.9244 3.53327 32.6069 5.08366 34.7611 7.2379C36.9154 9.39214 38.4658 12.0746 39.257 15.0166"
            stroke="#6C9D30"
            stroke-linecap="round"
            stroke-linejoin="round"
            stroke-width="2"
          />
          <path
            d="M25.1867 9.45001C26.9515 9.9248 28.5606 10.8549 29.8529 12.1472C31.1452 13.4395 32.0753 15.0486 32.5501 16.8134"
            stroke="#6C9D30"
            stroke-linecap="round"
            stroke-linejoin="round"
            stroke-width="2"
          />
          <path
            d="M12.4625 21.1413C14.2621 24.8218 17.2449 27.7917 20.933 29.5755C21.2031 29.7034 21.5018 29.7587 21.7998 29.7359C22.0977 29.713 22.3846 29.6129 22.632 29.4453L28.0639 25.8252C28.3038 25.665 28.5799 25.5672 28.8671 25.5405C29.1544 25.5139 29.4437 25.5592 29.709 25.6725L39.8699 30.0284C40.215 30.175 40.5032 30.4298 40.691 30.7544C40.8788 31.079 40.9561 31.4558 40.9112 31.828C40.5895 34.3409 39.3631 36.6504 37.4616 38.3242C35.56 39.998 33.1135 40.9214 30.5802 40.9216C22.7558 40.9216 15.2518 37.8134 9.71909 32.2807C4.18637 26.748 1.07813 19.244 1.07812 11.4195C1.07836 8.8864 2.00185 6.4402 3.67571 4.5389C5.34957 2.6376 7.65903 1.41156 10.1717 1.09033C10.544 1.04543 10.9208 1.1227 11.2454 1.31049C11.5699 1.49829 11.8247 1.78645 11.9713 2.13158L16.3307 12.3011C16.4428 12.5639 16.4883 12.8503 16.4632 13.1348C16.4381 13.4194 16.3431 13.6934 16.1867 13.9324L12.577 19.4476C12.4132 19.6959 12.3165 19.9825 12.2964 20.2794C12.2764 20.5762 12.3336 20.8732 12.4625 21.1413V21.1413Z"
            stroke="#6C9D30"
            stroke-linecap="round"
            stroke-linejoin="round"
            stroke-width="2"
          />
        </svg>
        <div
          class="flex flex-col gap-1 text-center dark:text-white"
        >
          <span
            class="text-base"
          >
            (219) 555-0114
          </span>
          <span
            class="text-base"
          >
            (164) 333-0487
          </span>
        </div>
      </div>
    </div>
    <div
      class="bg-card text-card-foreground flex flex-col gap-6 p-5 dark:bg-zinc-800 w-full shadow-xl rounded-[10px]"
      data-slot="card"
    >
      <div
        class="@container/card-header grid auto-rows-min grid-rows-[auto_auto] items-start has-data-[slot=card-action]:grid-cols-[1fr_auto] [.border-b]:pb-6"
        data-slot="card-header"
      >
        <h2
          class="text-2xl font-bold text-black dark:text-white"
        >
          Just Say Hello!
        </h2>
        <p
          class="text-sm font-normal text-charcoalGray-60 dark:text-theme-gray-450"
        >
          Do you fancy saying hi to me or you want to get started with your project and you need my help? Feel free to contact me.
        </p>
      </div>
      <div
        class=""
        data-slot="card-content"
      >
        <form
          class="flex flex-col gap-3"
        >
          <div
            class="flex gap-4"
          >
            <div
              class="grid w-full items-center gap-3"
            >
              <label
                class="flex items-center gap-2 text-sm leading-none font-medium select-none group-data-[disabled=true]:pointer-events-none group-data-[disabled=true]:opacity-50 peer-disabled:cursor-not-allowed peer-disabled:opacity-50 dark:text-white"
                data-slot="label"
              >
                Name
              </label>
              <input
                class="file:text-foreground placeholder:text-muted-foreground selection:bg-primary selection:text-primary-foreground dark:bg-input/30 flex w-full min-w-0 bg-transparent shadow-xs transition-[color,box-shadow] outline-none file:inline-flex file:border-0 file:bg-transparent file:text-sm file:font-medium disabled:pointer-events-none disabled:cursor-not-allowed disabled:opacity-50 md:text-sm dark:text-white focus-visible:border-ring focus-visible:ring-ring/50 focus-visible:ring-[3px] aria-invalid:ring-destructive/20 dark:aria-invalid:ring-destructive/40 aria-invalid:border-destructive font-poppins text-base focus:border-theme-gray-650 focus:ring-0 ring-0 rounded-[10px] border border-theme-gray-400 py-4 px-3"
                data-slot="input"
                name="name"
                placeholder="Name"
                type="text"
              />
            </div>
            <div
              class="grid w-full items-center gap-3"
            >
              <label
                class="flex items-center gap-2 text-sm leading-none font-medium select-none group-data-[disabled=true]:pointer-events-none group-data-[disabled=true]:opacity-50 peer-disabled:cursor-not-allowed peer-disabled:opacity-50 dark:text-white"
                data-slot="label"
              >
                Phone Number
              </label>
              <input
                class="file:text-foreground placeholder:text-muted-foreground selection:bg-primary selection:text-primary-foreground dark:bg-input/30 flex w-full min-w-0 bg-transparent shadow-xs transition-[color,box-shadow] outline-none file:inline-flex file:border-0 file:bg-transparent file:text-sm file:font-medium disabled:pointer-events-none disabled:cursor-not-allowed disabled:opacity-50 md:text-sm dark:text-white focus-visible:border-ring focus-visible:ring-ring/50 focus-visible:ring-[3px] aria-invalid:ring-destructive/20 dark:aria-invalid:ring-destructive/40 aria-invalid:border-destructive font-poppins text-base focus:border-theme-gray-650 focus:ring-0 ring-0 rounded-[10px] border border-theme-gray-400 py-4 px-3"
                data-slot="input"
                name="phone number"
                placeholder="Phone Number"
                type="number"
              />
            </div>
          </div>
          <div
            class="grid w-full items-center gap-3"
          >
            <label
              class="flex items-center gap-2 text-sm leading-none font-medium select-none group-data-[disabled=true]:pointer-events-none group-data-[disabled=true]:opacity-50 peer-disabled:cursor-not-allowed peer-disabled:opacity-50 dark:text-white"
              data-slot="label"
            >
              Email
            </label>
            <input
              class="file:text-foreground placeholder:text-muted-foreground selection:bg-primary selection:text-primary-foreground dark:bg-input/30 flex w-full min-w-0 bg-transparent shadow-xs transition-[color,box-shadow] outline-none file:inline-flex file:border-0 file:bg-transparent file:text-sm file:font-medium disabled:pointer-events-none disabled:cursor-not-allowed disabled:opacity-50 md:text-sm dark:text-white focus-visible:border-ring focus-visible:ring-ring/50 focus-visible:ring-[3px] aria-invalid:ring-destructive/20 dark:aria-invalid:ring-destructive/40 aria-invalid:border-destructive font-poppins text-base focus:border-theme-gray-650 focus:ring-0 ring-0 rounded-[10px] border border-theme-gray-400 py-4 px-3"
              data-slot="input"
              name="email"
              placeholder="Email"
              type="email"
            />
          </div>
          <div
            class="flex gap-4"
          >
            <div
              class="flex flex-col gap-1.5"
            >
              <label
                class="flex items-center gap-2 font-medium select-none group-data-[disabled=true]:pointer-events-none group-data-[disabled=true]:opacity-50 peer-disabled:cursor-not-allowed peer-disabled:opacity-50 dark:text-white text-sm"
                data-slot="label"
                for="date-picker"
              >
                Date
              </label>
              <button
                aria-controls="radix-r4"
                aria-expanded="false"
                aria-haspopup="dialog"
                aria-label="select date"
                class="relative border border-theme-gray-350 px-3 py-4 text-left text-sm dark:text-white rounded-[10px] w-36"
                data-slot="popover-trigger"
                data-state="closed"
                id="date-picker"
                type="button"
              >
                Select date
                <span
                  class="absolute right-3 top-1/2 -translate-y-1/2 pointer-events-none"
                >
                  <svg
                    aria-hidden="true"
                    class="lucide lucide-chevron-down"
                    fill="none"
                    height="16"
                    stroke="currentColor"
                    stroke-linecap="round"
                    stroke-linejoin="round"
                    stroke-width="2"
                    viewBox="0 0 24 24"
                    width="16"
                    xmlns="http://www.w3.org/2000/svg"
                  >
                    <path
                      d="m6 9 6 6 6-6"
                    />
                  </svg>
                </span>
              </button>
            </div>
            <div
              class="flex flex-col gap-1.5"
            >
              <div
                class="grid w-full items-center gap-3"
              >
                <label
                  class="flex items-center gap-2 text-sm leading-none font-medium select-none group-data-[disabled=true]:pointer-events-none group-data-[disabled=true]:opacity-50 peer-disabled:cursor-not-allowed peer-disabled:opacity-50 dark:text-white"
                  data-slot="label"
                >
                  Time
                </label>
                <input
                  aria-label="time picker"
                  class="file:text-foreground placeholder:text-muted-foreground selection:bg-primary selection:text-primary-foreground dark:bg-input/30 flex w-full min-w-0 shadow-xs transition-[color,box-shadow] outline-none file:inline-flex file:border-0 file:bg-transparent file:text-sm file:font-medium disabled:pointer-events-none disabled:cursor-not-allowed disabled:opacity-50 md:text-sm dark:text-white focus-visible:border-ring focus-visible:ring-ring/50 focus-visible:ring-[3px] aria-invalid:ring-destructive/20 dark:aria-invalid:ring-destructive/40 aria-invalid:border-destructive font-poppins text-base focus:border-theme-gray-650 focus:ring-0 ring-0 rounded-[10px] border border-theme-gray-400 py-4 px-3 bg-background appearance-none [&::-webkit-calendar-picker-indicator]:hidden [&::-webkit-calendar-picker-indicator]:appearance-none"
                  data-slot="input"
                  id="time-picker"
                  name="time picker"
                  placeholder=""
                  step="60"
                  type="time"
                  value="11:29"
                />
              </div>
            </div>
          </div>
          <div
            class="flex flex-col gap-1.5"
          >
            <label
              class="flex items-center gap-2 font-medium select-none group-data-[disabled=true]:pointer-events-none group-data-[disabled=true]:opacity-50 peer-disabled:cursor-not-allowed peer-disabled:opacity-50 dark:text-white text-sm"
              data-slot="label"
              for="subject"
            >
              Subject
            </label>
            <textarea
              class="placeholder:text-muted-foreground focus-visible:border-ring focus-visible:ring-ring/50 aria-invalid:ring-destructive/20 dark:aria-invalid:ring-destructive/40 aria-invalid:border-destructive dark:bg-input/30 flex field-sizing-content w-full bg-transparent text-base shadow-xs transition-[color,box-shadow] outline-none focus-visible:ring-[3px] disabled:cursor-not-allowed disabled:opacity-50 md:text-sm px-3 py-4 border border-theme-gray-400 rounded-[10px] min-h-[180px] dark:text-white"
              data-slot="textarea"
              id="subject"
              placeholder="Subject"
            />
          </div>
          <button
            class="inline-flex items-center justify-center gap-2 whitespace-nowrap font-medium disabled:pointer-events-none disabled:cursor-not-allowed disabled:opacity-50 [&_svg]:pointer-events-none [&_svg:not([class*='size-'])]:size-4 shrink-0 [&_svg]:shrink-0 outline-none focus-visible:border-ring focus-visible:ring-ring/50 focus-visible:ring-[3px] aria-invalid:ring-destructive/20 dark:aria-invalid:ring-destructive/40 aria-invalid:border-destructive bg-black text-white shadow-xs hover:brightness-110 dark:bg-white dark:text-black py-2.5 rounded-[10px] px-[30px] transition-all duration-200 ease-in-out active:scale-95 focus:outline-none focus:ring-2 w-[177px] text-base cursor-not-allowed"
            data-slot="button"
            disabled=""
          >
            SEND MESSAGE
          </button>
        </form>
      </div>
    </div>
  </section>
</div>
`;
