// Jest Snapshot v1, https://jestjs.io/docs/snapshot-testing

exports[`Button component Renders menu component 1`] = `
<div>
  <div
    class="grid w-full items-center gap-3"
  >
    <label
      class="flex items-center gap-2 text-sm leading-none font-medium select-none group-data-[disabled=true]:pointer-events-none group-data-[disabled=true]:opacity-50 peer-disabled:cursor-not-allowed peer-disabled:opacity-50 dark:text-white"
      data-slot="label"
      for="email"
    >
      Email
    </label>
    <input
      class="file:text-foreground placeholder:text-muted-foreground selection:bg-primary selection:text-primary-foreground dark:bg-input/30 flex w-full min-w-0 bg-transparent shadow-xs transition-[color,box-shadow] outline-none file:inline-flex file:border-0 file:bg-transparent file:text-sm file:font-medium disabled:pointer-events-none disabled:cursor-not-allowed disabled:opacity-50 md:text-sm dark:text-white focus-visible:border-ring focus-visible:ring-ring/50 focus-visible:ring-[3px] aria-invalid:ring-destructive/20 dark:aria-invalid:ring-destructive/40 aria-invalid:border-destructive font-poppins text-base focus:border-[#b0b0b0] focus:ring-0 ring-0 rounded-[10px] border border-[#E2E2E2] py-4 px-3"
      data-slot="input"
      name="email"
      placeholder="Enter your email"
      type="email"
    />
  </div>
</div>
`;
