// Jest Snapshot v1, https://jestjs.io/docs/snapshot-testing

exports[`DatePicker Component renders date picker component 1`] = `
<div>
  <div
    class="flex gap-4"
  >
    <div
      class="flex flex-col gap-1.5"
    >
      <label
        class="flex items-center gap-2 font-medium select-none group-data-[disabled=true]:pointer-events-none group-data-[disabled=true]:opacity-50 peer-disabled:cursor-not-allowed peer-disabled:opacity-50 dark:text-white text-sm"
        data-slot="label"
        for="date-picker"
      >
        Date
      </label>
      <button
        aria-controls="radix-r4"
        aria-expanded="false"
        aria-haspopup="dialog"
        aria-label="select date"
        class="relative border border-theme-gray-350 px-3 py-4 text-left text-sm dark:text-white rounded-radius-md w-36"
        data-slot="popover-trigger"
        data-state="closed"
        id="date-picker"
        type="button"
      >
        Select date
        <span
          class="absolute right-3 top-1/2 -translate-y-1/2 pointer-events-none"
        >
          <svg
            aria-hidden="true"
            class="lucide lucide-chevron-down"
            fill="none"
            height="16"
            stroke="currentColor"
            stroke-linecap="round"
            stroke-linejoin="round"
            stroke-width="2"
            viewBox="0 0 24 24"
            width="16"
            xmlns="http://www.w3.org/2000/svg"
          >
            <path
              d="m6 9 6 6 6-6"
            />
          </svg>
        </span>
      </button>
    </div>
    <div
      class="flex flex-col gap-1.5"
    >
      <div
        class="grid w-full items-center gap-3"
      >
        <label
          class="flex items-center gap-2 text-sm leading-none font-medium select-none group-data-[disabled=true]:pointer-events-none group-data-[disabled=true]:opacity-50 peer-disabled:cursor-not-allowed peer-disabled:opacity-50 dark:text-white"
          data-slot="label"
        >
          Time
        </label>
        <input
          aria-label="time picker"
          class="file:text-foreground placeholder:text-muted-foreground selection:bg-primary selection:text-primary-foreground dark:bg-input/30 flex w-full min-w-0 rounded-md shadow-xs transition-[color,box-shadow] outline-none file:inline-flex file:border-0 file:bg-transparent file:text-sm file:font-medium disabled:pointer-events-none disabled:cursor-not-allowed disabled:opacity-50 md:text-sm dark:text-white focus-visible:border-ring focus-visible:ring-ring/50 focus-visible:ring-[3px] aria-invalid:ring-destructive/20 dark:aria-invalid:ring-destructive/40 aria-invalid:border-destructive font-poppins text-base focus:border-theme-gray-650 focus:ring-0 ring-0 rounded-radius-md border border-theme-gray-400 py-4 px-3 bg-background appearance-none [&::-webkit-calendar-picker-indicator]:hidden [&::-webkit-calendar-picker-indicator]:appearance-none"
          data-slot="input"
          id="time-picker"
          name="time picker"
          placeholder=""
          step="60"
          type="time"
          value="14:21"
        />
      </div>
    </div>
  </div>
</div>
`;
