// Jest Snapshot v1, https://jestjs.io/docs/snapshot-testing

exports[`Social gallery Component renders social gallery component 1`] = `
<div>
  <section
    aria-label="social gallery"
    class="flex flex-col gap-[100px] mb-space-6xl"
  >
    <div
      class="flex flex-col items-center text-center gap-5 px-10"
    >
      <h2
        class="font-scope text-fs-2xl dark:text-white"
      >
        Follow Us On Instagram
      </h2>
      <p
        class="text-lg w-full max-w-custom-10xl text-charcoalGray-60 dark:text-gray-60"
      >
        Lorem ipsum dolor sit amet, consectetur adipiscing elit. Scelerisque duis ultrices sollicitudin aliquam sem. Scelerisque duis ultrices sollicitudin
      </p>
    </div>
    <img
      alt="Social Gallery"
      class="w-full"
      src="/assets/social-gallery.svg"
    />
  </section>
</div>
`;
