// Jest Snapshot v1, https://jestjs.io/docs/snapshot-testing

exports[`Menu component Renders menu component 1`] = `
<div>
  <nav
    aria-label="breadcrumb"
    class="hidden @bp-850/structure:flex"
    data-slot="breadcrumb"
  >
    <ol
      class="text-muted-foreground flex-wrap items-center gap-1.5 text-sm break-words flex sm:gap-8"
      data-slot="breadcrumb-list"
    >
      <li
        class="inline-flex items-center gap-1.5"
        data-slot="breadcrumb-item"
      >
        <a
          class="transition-colors font-poppins hover:text-green-50 text-base dark:text-white"
          data-slot="breadcrumb-link"
          href="/shop"
        >
          Shop
        </a>
      </li>
      <li
        class="inline-flex items-center gap-1.5"
        data-slot="breadcrumb-item"
      >
        <a
          class="transition-colors font-poppins hover:text-green-50 text-base dark:text-white cursor-not-allowed"
          data-slot="breadcrumb-link"
        >
          New Arrivals
        </a>
      </li>
      <li
        class="inline-flex items-center gap-1.5"
        data-slot="breadcrumb-item"
      >
        <a
          class="transition-colors font-poppins hover:text-green-50 text-base dark:text-white"
          data-slot="breadcrumb-link"
          href="/about"
        >
          About Us
        </a>
      </li>
    </ol>
  </nav>
  <button
    aria-expanded="false"
    aria-haspopup="menu"
    class="flex @bp-850/structure:hidden cursor-pointer"
    data-slot="dropdown-menu-trigger"
    data-state="closed"
    id="radix-«r0»"
    type="button"
  >
    <svg
      class="text-black dark:text-white"
      enable-background="new 0 0 32 32"
      fill="currentColor"
      height="24px"
      id="Glyph"
      version="1.1"
      viewBox="0 0 32 32"
      width="24px"
      xml:space="preserve"
      xmlns="http://www.w3.org/2000/svg"
      xmlns:xlink="http://www.w3.org/1999/xlink"
    >
      <g
        id="SVGRepo_bgCarrier"
        stroke-width="0"
      />
      <g
        id="SVGRepo_tracerCarrier"
        stroke-linecap="round"
        stroke-linejoin="round"
      />
      <g
        id="SVGRepo_iconCarrier"
      >
        <path
          d="M26,16c0,1.104-0.896,2-2,2H8c-1.104,0-2-0.896-2-2s0.896-2,2-2h16C25.104,14,26,14.896,26,16z"
          id="XMLID_314_"
        />
        <path
          d="M26,8c0,1.104-0.896,2-2,2H8c-1.104,0-2-0.896-2-2s0.896-2,2-2h16C25.104,6,26,6.896,26,8z"
          id="XMLID_315_"
        />
        <path
          d="M26,24c0,1.104-0.896,2-2,2H8c-1.104,0-2-0.896-2-2s0.896-2,2-2h16C25.104,22,26,22.896,26,24z"
          id="XMLID_316_"
        />
      </g>
    </svg>
  </button>
</div>
`;
