// Jest Snapshot v1, https://jestjs.io/docs/snapshot-testing

exports[`Banner component Renders banner component 1`] = `
<div>
  <section
    class="relative w-full overflow-visible"
  >
    <img
      alt="background banner"
      class="w-full"
      src="/assets/common-bg-banner.svg"
    />
    <span
      class="text-white text-[40px] font-semibold absolute top-1/2 left-10 transform -translate-y-1/2"
    >
      About US
    </span>
    <div
      class="absolute top-1/2 right-0 transform -translate-y-1/2  -translate-x-1/2 overflow-visible"
    >
      <img
        alt="common banner"
        class=""
        src="/assets/common-banner.svg"
      />
    </div>
  </section>
</div>
`;
