// Jest Snapshot v1, https://jestjs.io/docs/snapshot-testing

exports[`Button component Renders menu component 1`] = `
<div>
  <button
    class="inline-flex items-center justify-center gap-2 whitespace-nowrap text-sm font-medium disabled:pointer-events-none disabled:opacity-50 [&_svg]:pointer-events-none [&_svg:not([class*='size-'])]:size-4 shrink-0 [&_svg]:shrink-0 outline-none focus-visible:border-ring focus-visible:ring-ring/50 focus-visible:ring-[3px] aria-invalid:ring-destructive/20 dark:aria-invalid:ring-destructive/40 aria-invalid:border-destructive shadow-xs hover:bg-primary/90 py-4 bg-black text-white rounded-[10px] px-[30px] cursor-pointer transition-all duration-200 ease-in-out hover:brightness-110 active:scale-95 focus:outline-none focus:ring-2"
    data-slot="button"
  >
    Button
  </button>
</div>
`;
