// Jest Snapshot v1, https://jestjs.io/docs/snapshot-testing

exports[`CarouselWithTopControls component Renders carouselWithTopControls component 1`] = `
<div>
  <div
    class="w-full max-w-7xl mx-auto p-6"
  >
    <div
      class="flex items-center justify-between mb-[50px]"
    >
      <h3
        class="text-[46px] dark:text-white"
      >
        Client Testimonial
      </h3>
      <div
        class="flex gap-2"
      >
        <button
          aria-label="previous"
          class="inline-flex items-center justify-center gap-2 whitespace-nowrap text-sm font-medium transition-all disabled:pointer-events-none disabled:cursor-not-allowed disabled:opacity-50 [&_svg]:pointer-events-none [&_svg:not([class*='size-'])]:size-4 shrink-0 [&_svg]:shrink-0 outline-none focus-visible:border-ring focus-visible:ring-ring/50 focus-visible:ring-[3px] aria-invalid:ring-destructive/20 dark:aria-invalid:ring-destructive/40 aria-invalid:border-destructive border shadow-xs dark:bg-green-50 dark:border-input dark:hover:bg-input/50 size-9 rounded-full border-gray-300 bg-white text-black hover:bg-green-700 hover:text-white cursor-pointer"
          data-slot="button"
        >
          <svg
            fill="none"
            viewBox="0 0 17 15"
            xmlns="http://www.w3.org/2000/svg"
          >
            <path
              d="M1.25 7.72607H16.25"
              stroke="currentColor"
              stroke-linecap="round"
              stroke-linejoin="round"
              stroke-width="1.5"
            />
            <path
              d="M7.30005 1.70105L1.25005 7.72505L7.30005 13.75"
              stroke="currentColor"
              stroke-linecap="round"
              stroke-linejoin="round"
              stroke-width="1.5"
            />
          </svg>
        </button>
        <button
          aria-label="next"
          class="inline-flex items-center justify-center gap-2 whitespace-nowrap text-sm font-medium transition-all disabled:pointer-events-none disabled:cursor-not-allowed disabled:opacity-50 [&_svg]:pointer-events-none [&_svg:not([class*='size-'])]:size-4 shrink-0 [&_svg]:shrink-0 outline-none focus-visible:border-ring focus-visible:ring-ring/50 focus-visible:ring-[3px] aria-invalid:ring-destructive/20 dark:aria-invalid:ring-destructive/40 aria-invalid:border-destructive border shadow-xs dark:bg-green-50 dark:border-input dark:hover:bg-input/50 size-9 rounded-full border-gray-300 bg-white text-black hover:bg-green-700 hover:text-white cursor-pointer"
          data-slot="button"
        >
          <svg
            class="rotate-180"
            fill="none"
            viewBox="0 0 17 15"
            xmlns="http://www.w3.org/2000/svg"
          >
            <path
              d="M1.25 7.72607H16.25"
              stroke="currentColor"
              stroke-linecap="round"
              stroke-linejoin="round"
              stroke-width="1.5"
            />
            <path
              d="M7.30005 1.70105L1.25005 7.72505L7.30005 13.75"
              stroke="currentColor"
              stroke-linecap="round"
              stroke-linejoin="round"
              stroke-width="1.5"
            />
          </svg>
        </button>
      </div>
    </div>
    <div>
      <div>
        <div>
          <div
            class="text-card-foreground flex flex-col gap-6 dark:bg-zinc-800 h-full border-0 shadow-none p-0 bg-white rounded-lg"
            data-slot="card"
          >
            <div
              class="p-6 h-full flex flex-col"
              data-slot="card-content"
            >
              <div
                class="mb-4"
              >
                <svg
                  class="text-green-700"
                  fill="none"
                  height="26px"
                  viewBox="0 0 33 26"
                  width="32px"
                  xmlns="http://www.w3.org/2000/svg"
                >
                  <path
                    class="fill-current"
                    clip-rule="evenodd"
                    d="M24.4889 0C21.1023 0 18.3517 2.65696 18.3517 5.9336C18.3517 9.20821 21.1023 11.8672 24.4889 11.8672C30.307 11.8672 26.9355 22.171 19.5977 23.2443C19.2514 23.2936 18.9355 23.4578 18.7069 23.7071C18.4784 23.9563 18.3524 24.2742 18.3517 24.6032C18.3517 25.4456 19.1536 26.1119 20.0417 25.9843C33.3788 24.0847 38.1213 0.00202497 24.4889 0.00202497V0ZM6.80595 0C3.4151 0 0.666626 2.65493 0.666626 5.9336C0.666626 9.20619 3.4151 11.8631 6.80595 11.8631C12.6219 11.8631 9.25047 22.171 1.9126 23.2443C1.56675 23.2936 1.25106 23.4575 1.02256 23.7063C0.794057 23.9551 0.667813 24.2725 0.666626 24.6011C0.666626 25.4436 1.46853 26.1098 2.35451 25.9823C15.6959 24.0827 20.4384 0 6.80595 0Z"
                    fill-rule="evenodd"
                    opacity="0.3"
                  />
                </svg>
              </div>
              <p
                class="text-theme-gray-850 dark:text-slate-400 font-normal text-sm	mb-6 flex-grow"
              >
                Pellentesque eu nibh eget mauris congue mattis mattis nec tellus. Phasellus imperdiet elit eu magna dictum, bibendum cursus velit sodales. Donec sed neque eget
              </p>
              <div
                class="flex items-center justify-between"
              >
                <div
                  class="flex items-center gap-3"
                >
                  <span
                    class="relative flex size-8 shrink-0 overflow-hidden rounded-full h-14 w-14"
                    data-slot="avatar"
                  >
                    <span
                      class="bg-muted flex size-full items-center justify-center rounded-full"
                      data-slot="avatar-fallback"
                    >
                      RF
                    </span>
                  </span>
                  <div>
                    <h4
                      class="font-semibold text-black dark:text-white text-sm"
                    >
                      Robert Fox
                    </h4>
                    <p
                      class="text-charcoalGray-60 dark:text-theme-gray-450 text-xs font-normal"
                    >
                      Customer
                    </p>
                  </div>
                </div>
                <div
                  class="flex gap-1"
                >
                  <svg
                    fill="none"
                    height="19px"
                    viewBox="0 0 20 19"
                    width="20px"
                    xmlns="http://www.w3.org/2000/svg"
                  >
                    <path
                      clip-rule="evenodd"
                      d="M12.3316 7.12771L10.167 0L8.00235 7.12771H0.666992L6.60178 11.742L4.39913 19L10.167 14.5146L15.9348 19L13.7322 11.742L19.667 7.12771H12.3316Z"
                      fill="#FCA120"
                      fill-rule="evenodd"
                    />
                  </svg>
                  <svg
                    fill="none"
                    height="19px"
                    viewBox="0 0 20 19"
                    width="20px"
                    xmlns="http://www.w3.org/2000/svg"
                  >
                    <path
                      clip-rule="evenodd"
                      d="M12.3316 7.12771L10.167 0L8.00235 7.12771H0.666992L6.60178 11.742L4.39913 19L10.167 14.5146L15.9348 19L13.7322 11.742L19.667 7.12771H12.3316Z"
                      fill="#FCA120"
                      fill-rule="evenodd"
                    />
                  </svg>
                  <svg
                    fill="none"
                    height="19px"
                    viewBox="0 0 20 19"
                    width="20px"
                    xmlns="http://www.w3.org/2000/svg"
                  >
                    <path
                      clip-rule="evenodd"
                      d="M12.3316 7.12771L10.167 0L8.00235 7.12771H0.666992L6.60178 11.742L4.39913 19L10.167 14.5146L15.9348 19L13.7322 11.742L19.667 7.12771H12.3316Z"
                      fill="#FCA120"
                      fill-rule="evenodd"
                    />
                  </svg>
                  <svg
                    fill="none"
                    height="19px"
                    viewBox="0 0 20 19"
                    width="20px"
                    xmlns="http://www.w3.org/2000/svg"
                  >
                    <path
                      clip-rule="evenodd"
                      d="M12.3316 7.12771L10.167 0L8.00235 7.12771H0.666992L6.60178 11.742L4.39913 19L10.167 14.5146L15.9348 19L13.7322 11.742L19.667 7.12771H12.3316Z"
                      fill="#FCA120"
                      fill-rule="evenodd"
                    />
                  </svg>
                  <svg
                    fill="none"
                    height="19px"
                    viewBox="0 0 20 19"
                    width="20px"
                    xmlns="http://www.w3.org/2000/svg"
                  >
                    <path
                      clip-rule="evenodd"
                      d="M12.3316 7.12771L10.167 0L8.00235 7.12771H0.666992L6.60178 11.742L4.39913 19L10.167 14.5146L15.9348 19L13.7322 11.742L19.667 7.12771H12.3316Z"
                      fill="#FCA120"
                      fill-rule="evenodd"
                    />
                  </svg>
                </div>
              </div>
            </div>
          </div>
        </div>
        <div>
          <div
            class="text-card-foreground flex flex-col gap-6 dark:bg-zinc-800 h-full border-0 shadow-none p-0 bg-white rounded-lg"
            data-slot="card"
          >
            <div
              class="p-6 h-full flex flex-col"
              data-slot="card-content"
            >
              <div
                class="mb-4"
              >
                <svg
                  class="text-green-700"
                  fill="none"
                  height="26px"
                  viewBox="0 0 33 26"
                  width="32px"
                  xmlns="http://www.w3.org/2000/svg"
                >
                  <path
                    class="fill-current"
                    clip-rule="evenodd"
                    d="M24.4889 0C21.1023 0 18.3517 2.65696 18.3517 5.9336C18.3517 9.20821 21.1023 11.8672 24.4889 11.8672C30.307 11.8672 26.9355 22.171 19.5977 23.2443C19.2514 23.2936 18.9355 23.4578 18.7069 23.7071C18.4784 23.9563 18.3524 24.2742 18.3517 24.6032C18.3517 25.4456 19.1536 26.1119 20.0417 25.9843C33.3788 24.0847 38.1213 0.00202497 24.4889 0.00202497V0ZM6.80595 0C3.4151 0 0.666626 2.65493 0.666626 5.9336C0.666626 9.20619 3.4151 11.8631 6.80595 11.8631C12.6219 11.8631 9.25047 22.171 1.9126 23.2443C1.56675 23.2936 1.25106 23.4575 1.02256 23.7063C0.794057 23.9551 0.667813 24.2725 0.666626 24.6011C0.666626 25.4436 1.46853 26.1098 2.35451 25.9823C15.6959 24.0827 20.4384 0 6.80595 0Z"
                    fill-rule="evenodd"
                    opacity="0.3"
                  />
                </svg>
              </div>
              <p
                class="text-theme-gray-850 dark:text-slate-400 font-normal text-sm	mb-6 flex-grow"
              >
                Pellentesque eu nibh eget mauris congue mattis mattis nec tellus. Phasellus imperdiet elit eu magna dictum, bibendum cursus velit sodales. Donec sed neque eget
              </p>
              <div
                class="flex items-center justify-between"
              >
                <div
                  class="flex items-center gap-3"
                >
                  <span
                    class="relative flex size-8 shrink-0 overflow-hidden rounded-full h-14 w-14"
                    data-slot="avatar"
                  >
                    <span
                      class="bg-muted flex size-full items-center justify-center rounded-full"
                      data-slot="avatar-fallback"
                    >
                      DR
                    </span>
                  </span>
                  <div>
                    <h4
                      class="font-semibold text-black dark:text-white text-sm"
                    >
                      Dianne Russell
                    </h4>
                    <p
                      class="text-charcoalGray-60 dark:text-theme-gray-450 text-xs font-normal"
                    >
                      Customer
                    </p>
                  </div>
                </div>
                <div
                  class="flex gap-1"
                >
                  <svg
                    fill="none"
                    height="19px"
                    viewBox="0 0 20 19"
                    width="20px"
                    xmlns="http://www.w3.org/2000/svg"
                  >
                    <path
                      clip-rule="evenodd"
                      d="M12.3316 7.12771L10.167 0L8.00235 7.12771H0.666992L6.60178 11.742L4.39913 19L10.167 14.5146L15.9348 19L13.7322 11.742L19.667 7.12771H12.3316Z"
                      fill="#FCA120"
                      fill-rule="evenodd"
                    />
                  </svg>
                  <svg
                    fill="none"
                    height="19px"
                    viewBox="0 0 20 19"
                    width="20px"
                    xmlns="http://www.w3.org/2000/svg"
                  >
                    <path
                      clip-rule="evenodd"
                      d="M12.3316 7.12771L10.167 0L8.00235 7.12771H0.666992L6.60178 11.742L4.39913 19L10.167 14.5146L15.9348 19L13.7322 11.742L19.667 7.12771H12.3316Z"
                      fill="#FCA120"
                      fill-rule="evenodd"
                    />
                  </svg>
                  <svg
                    fill="none"
                    height="19px"
                    viewBox="0 0 20 19"
                    width="20px"
                    xmlns="http://www.w3.org/2000/svg"
                  >
                    <path
                      clip-rule="evenodd"
                      d="M12.3316 7.12771L10.167 0L8.00235 7.12771H0.666992L6.60178 11.742L4.39913 19L10.167 14.5146L15.9348 19L13.7322 11.742L19.667 7.12771H12.3316Z"
                      fill="#FCA120"
                      fill-rule="evenodd"
                    />
                  </svg>
                  <svg
                    fill="none"
                    height="19px"
                    viewBox="0 0 20 19"
                    width="20px"
                    xmlns="http://www.w3.org/2000/svg"
                  >
                    <path
                      clip-rule="evenodd"
                      d="M12.3316 7.12771L10.167 0L8.00235 7.12771H0.666992L6.60178 11.742L4.39913 19L10.167 14.5146L15.9348 19L13.7322 11.742L19.667 7.12771H12.3316Z"
                      fill="#FCA120"
                      fill-rule="evenodd"
                    />
                  </svg>
                  <svg
                    fill="none"
                    height="19px"
                    viewBox="0 0 20 19"
                    width="20px"
                    xmlns="http://www.w3.org/2000/svg"
                  >
                    <path
                      clip-rule="evenodd"
                      d="M12.3316 7.12771L10.167 0L8.00235 7.12771H0.666992L6.60178 11.742L4.39913 19L10.167 14.5146L15.9348 19L13.7322 11.742L19.667 7.12771H12.3316Z"
                      fill="#FCA120"
                      fill-rule="evenodd"
                    />
                  </svg>
                </div>
              </div>
            </div>
          </div>
        </div>
        <div>
          <div
            class="text-card-foreground flex flex-col gap-6 dark:bg-zinc-800 h-full border-0 shadow-none p-0 bg-white rounded-lg"
            data-slot="card"
          >
            <div
              class="p-6 h-full flex flex-col"
              data-slot="card-content"
            >
              <div
                class="mb-4"
              >
                <svg
                  class="text-green-700"
                  fill="none"
                  height="26px"
                  viewBox="0 0 33 26"
                  width="32px"
                  xmlns="http://www.w3.org/2000/svg"
                >
                  <path
                    class="fill-current"
                    clip-rule="evenodd"
                    d="M24.4889 0C21.1023 0 18.3517 2.65696 18.3517 5.9336C18.3517 9.20821 21.1023 11.8672 24.4889 11.8672C30.307 11.8672 26.9355 22.171 19.5977 23.2443C19.2514 23.2936 18.9355 23.4578 18.7069 23.7071C18.4784 23.9563 18.3524 24.2742 18.3517 24.6032C18.3517 25.4456 19.1536 26.1119 20.0417 25.9843C33.3788 24.0847 38.1213 0.00202497 24.4889 0.00202497V0ZM6.80595 0C3.4151 0 0.666626 2.65493 0.666626 5.9336C0.666626 9.20619 3.4151 11.8631 6.80595 11.8631C12.6219 11.8631 9.25047 22.171 1.9126 23.2443C1.56675 23.2936 1.25106 23.4575 1.02256 23.7063C0.794057 23.9551 0.667813 24.2725 0.666626 24.6011C0.666626 25.4436 1.46853 26.1098 2.35451 25.9823C15.6959 24.0827 20.4384 0 6.80595 0Z"
                    fill-rule="evenodd"
                    opacity="0.3"
                  />
                </svg>
              </div>
              <p
                class="text-theme-gray-850 dark:text-slate-400 font-normal text-sm	mb-6 flex-grow"
              >
                Pellentesque eu nibh eget mauris congue mattis mattis nec tellus. Phasellus imperdiet elit eu magna dictum, bibendum cursus velit sodales. Donec sed neque eget
              </p>
              <div
                class="flex items-center justify-between"
              >
                <div
                  class="flex items-center gap-3"
                >
                  <span
                    class="relative flex size-8 shrink-0 overflow-hidden rounded-full h-14 w-14"
                    data-slot="avatar"
                  >
                    <span
                      class="bg-muted flex size-full items-center justify-center rounded-full"
                      data-slot="avatar-fallback"
                    >
                      EP
                    </span>
                  </span>
                  <div>
                    <h4
                      class="font-semibold text-black dark:text-white text-sm"
                    >
                      Eleanor Pena
                    </h4>
                    <p
                      class="text-charcoalGray-60 dark:text-theme-gray-450 text-xs font-normal"
                    >
                      Customer
                    </p>
                  </div>
                </div>
                <div
                  class="flex gap-1"
                >
                  <svg
                    fill="none"
                    height="19px"
                    viewBox="0 0 20 19"
                    width="20px"
                    xmlns="http://www.w3.org/2000/svg"
                  >
                    <path
                      clip-rule="evenodd"
                      d="M12.3316 7.12771L10.167 0L8.00235 7.12771H0.666992L6.60178 11.742L4.39913 19L10.167 14.5146L15.9348 19L13.7322 11.742L19.667 7.12771H12.3316Z"
                      fill="#FCA120"
                      fill-rule="evenodd"
                    />
                  </svg>
                  <svg
                    fill="none"
                    height="19px"
                    viewBox="0 0 20 19"
                    width="20px"
                    xmlns="http://www.w3.org/2000/svg"
                  >
                    <path
                      clip-rule="evenodd"
                      d="M12.3316 7.12771L10.167 0L8.00235 7.12771H0.666992L6.60178 11.742L4.39913 19L10.167 14.5146L15.9348 19L13.7322 11.742L19.667 7.12771H12.3316Z"
                      fill="#FCA120"
                      fill-rule="evenodd"
                    />
                  </svg>
                  <svg
                    fill="none"
                    height="19px"
                    viewBox="0 0 20 19"
                    width="20px"
                    xmlns="http://www.w3.org/2000/svg"
                  >
                    <path
                      clip-rule="evenodd"
                      d="M12.3316 7.12771L10.167 0L8.00235 7.12771H0.666992L6.60178 11.742L4.39913 19L10.167 14.5146L15.9348 19L13.7322 11.742L19.667 7.12771H12.3316Z"
                      fill="#FCA120"
                      fill-rule="evenodd"
                    />
                  </svg>
                  <svg
                    fill="none"
                    height="19px"
                    viewBox="0 0 20 19"
                    width="20px"
                    xmlns="http://www.w3.org/2000/svg"
                  >
                    <path
                      clip-rule="evenodd"
                      d="M12.3316 7.12771L10.167 0L8.00235 7.12771H0.666992L6.60178 11.742L4.39913 19L10.167 14.5146L15.9348 19L13.7322 11.742L19.667 7.12771H12.3316Z"
                      fill="#FCA120"
                      fill-rule="evenodd"
                    />
                  </svg>
                  <svg
                    fill="none"
                    height="19px"
                    viewBox="0 0 20 19"
                    width="20px"
                    xmlns="http://www.w3.org/2000/svg"
                  >
                    <path
                      clip-rule="evenodd"
                      d="M12.3316 7.12771L10.167 0L8.00235 7.12771H0.666992L6.60178 11.742L4.39913 19L10.167 14.5146L15.9348 19L13.7322 11.742L19.667 7.12771H12.3316Z"
                      fill="#FCA120"
                      fill-rule="evenodd"
                    />
                  </svg>
                </div>
              </div>
            </div>
          </div>
        </div>
        <div>
          <div
            class="text-card-foreground flex flex-col gap-6 dark:bg-zinc-800 h-full border-0 shadow-none p-0 bg-white rounded-lg"
            data-slot="card"
          >
            <div
              class="p-6 h-full flex flex-col"
              data-slot="card-content"
            >
              <div
                class="mb-4"
              >
                <svg
                  class="text-green-700"
                  fill="none"
                  height="26px"
                  viewBox="0 0 33 26"
                  width="32px"
                  xmlns="http://www.w3.org/2000/svg"
                >
                  <path
                    class="fill-current"
                    clip-rule="evenodd"
                    d="M24.4889 0C21.1023 0 18.3517 2.65696 18.3517 5.9336C18.3517 9.20821 21.1023 11.8672 24.4889 11.8672C30.307 11.8672 26.9355 22.171 19.5977 23.2443C19.2514 23.2936 18.9355 23.4578 18.7069 23.7071C18.4784 23.9563 18.3524 24.2742 18.3517 24.6032C18.3517 25.4456 19.1536 26.1119 20.0417 25.9843C33.3788 24.0847 38.1213 0.00202497 24.4889 0.00202497V0ZM6.80595 0C3.4151 0 0.666626 2.65493 0.666626 5.9336C0.666626 9.20619 3.4151 11.8631 6.80595 11.8631C12.6219 11.8631 9.25047 22.171 1.9126 23.2443C1.56675 23.2936 1.25106 23.4575 1.02256 23.7063C0.794057 23.9551 0.667813 24.2725 0.666626 24.6011C0.666626 25.4436 1.46853 26.1098 2.35451 25.9823C15.6959 24.0827 20.4384 0 6.80595 0Z"
                    fill-rule="evenodd"
                    opacity="0.3"
                  />
                </svg>
              </div>
              <p
                class="text-theme-gray-850 dark:text-slate-400 font-normal text-sm	mb-6 flex-grow"
              >
                Pellentesque eu nibh eget mauris congue mattis mattis nec tellus. Phasellus imperdiet elit eu magna dictum, bibendum cursus velit sodales. Donec sed neque eget
              </p>
              <div
                class="flex items-center justify-between"
              >
                <div
                  class="flex items-center gap-3"
                >
                  <span
                    class="relative flex size-8 shrink-0 overflow-hidden rounded-full h-14 w-14"
                    data-slot="avatar"
                  >
                    <span
                      class="bg-muted flex size-full items-center justify-center rounded-full"
                      data-slot="avatar-fallback"
                    >
                      EP
                    </span>
                  </span>
                  <div>
                    <h4
                      class="font-semibold text-black dark:text-white text-sm"
                    >
                      Eleanor Pena
                    </h4>
                    <p
                      class="text-charcoalGray-60 dark:text-theme-gray-450 text-xs font-normal"
                    >
                      Customer
                    </p>
                  </div>
                </div>
                <div
                  class="flex gap-1"
                >
                  <svg
                    fill="none"
                    height="19px"
                    viewBox="0 0 20 19"
                    width="20px"
                    xmlns="http://www.w3.org/2000/svg"
                  >
                    <path
                      clip-rule="evenodd"
                      d="M12.3316 7.12771L10.167 0L8.00235 7.12771H0.666992L6.60178 11.742L4.39913 19L10.167 14.5146L15.9348 19L13.7322 11.742L19.667 7.12771H12.3316Z"
                      fill="#FCA120"
                      fill-rule="evenodd"
                    />
                  </svg>
                  <svg
                    fill="none"
                    height="19px"
                    viewBox="0 0 20 19"
                    width="20px"
                    xmlns="http://www.w3.org/2000/svg"
                  >
                    <path
                      clip-rule="evenodd"
                      d="M12.3316 7.12771L10.167 0L8.00235 7.12771H0.666992L6.60178 11.742L4.39913 19L10.167 14.5146L15.9348 19L13.7322 11.742L19.667 7.12771H12.3316Z"
                      fill="#FCA120"
                      fill-rule="evenodd"
                    />
                  </svg>
                  <svg
                    fill="none"
                    height="19px"
                    viewBox="0 0 20 19"
                    width="20px"
                    xmlns="http://www.w3.org/2000/svg"
                  >
                    <path
                      clip-rule="evenodd"
                      d="M12.3316 7.12771L10.167 0L8.00235 7.12771H0.666992L6.60178 11.742L4.39913 19L10.167 14.5146L15.9348 19L13.7322 11.742L19.667 7.12771H12.3316Z"
                      fill="#FCA120"
                      fill-rule="evenodd"
                    />
                  </svg>
                  <svg
                    fill="none"
                    height="19px"
                    viewBox="0 0 20 19"
                    width="20px"
                    xmlns="http://www.w3.org/2000/svg"
                  >
                    <path
                      clip-rule="evenodd"
                      d="M12.3316 7.12771L10.167 0L8.00235 7.12771H0.666992L6.60178 11.742L4.39913 19L10.167 14.5146L15.9348 19L13.7322 11.742L19.667 7.12771H12.3316Z"
                      fill="#FCA120"
                      fill-rule="evenodd"
                    />
                  </svg>
                  <svg
                    fill="none"
                    height="19px"
                    viewBox="0 0 20 19"
                    width="20px"
                    xmlns="http://www.w3.org/2000/svg"
                  >
                    <path
                      clip-rule="evenodd"
                      d="M12.3316 7.12771L10.167 0L8.00235 7.12771H0.666992L6.60178 11.742L4.39913 19L10.167 14.5146L15.9348 19L13.7322 11.742L19.667 7.12771H12.3316Z"
                      fill="#FCA120"
                      fill-rule="evenodd"
                    />
                  </svg>
                </div>
              </div>
            </div>
          </div>
        </div>
      </div>
      <button>
        Prev
      </button>
      <button>
        Next
      </button>
    </div>
  </div>
</div>
`;
