// Jest Snapshot v1, https://jestjs.io/docs/snapshot-testing

exports[`CarouselWithTopControls component Renders carouselWithTopControls component 1`] = `
<div>
  <div
    class="w-full max-w-7xl mx-auto p-6"
  >
    <div
      class="flex items-center justify-between mb-[50px]"
    >
      <h3
        class="text-[46px] dark:text-white"
      >
        Client Testimonial
      </h3>
      <div
        class="flex gap-2"
      >
        <button
          aria-label="previous"
          class="inline-flex items-center justify-center gap-2 whitespace-nowrap text-sm font-medium transition-all disabled:pointer-events-none disabled:cursor-not-allowed disabled:opacity-50 [&_svg]:pointer-events-none [&_svg:not([class*='size-'])]:size-4 shrink-0 [&_svg]:shrink-0 outline-none focus-visible:border-ring focus-visible:ring-ring/50 focus-visible:ring-[3px] aria-invalid:ring-destructive/20 dark:aria-invalid:ring-destructive/40 aria-invalid:border-destructive border shadow-xs dark:bg-input/30 dark:border-input dark:hover:bg-input/50 size-9 rounded-full border-gray-300 bg-white text-black hover:bg-[#6C9D30] hover:text-white cursor-pointer"
          data-slot="button"
        >
          <svg
            fill="none"
            viewBox="0 0 17 15"
            xmlns="http://www.w3.org/2000/svg"
          >
            <path
              d="M1.25 7.72607H16.25"
              stroke="currentColor"
              stroke-linecap="round"
              stroke-linejoin="round"
              stroke-width="1.5"
            />
            <path
              d="M7.30005 1.70105L1.25005 7.72505L7.30005 13.75"
              stroke="currentColor"
              stroke-linecap="round"
              stroke-linejoin="round"
              stroke-width="1.5"
            />
          </svg>
        </button>
        <button
          aria-label="next"
          class="inline-flex items-center justify-center gap-2 whitespace-nowrap text-sm font-medium transition-all disabled:pointer-events-none disabled:cursor-not-allowed disabled:opacity-50 [&_svg]:pointer-events-none [&_svg:not([class*='size-'])]:size-4 shrink-0 [&_svg]:shrink-0 outline-none focus-visible:border-ring focus-visible:ring-ring/50 focus-visible:ring-[3px] aria-invalid:ring-destructive/20 dark:aria-invalid:ring-destructive/40 aria-invalid:border-destructive border shadow-xs dark:bg-input/30 dark:border-input dark:hover:bg-input/50 size-9 rounded-full border-gray-300 bg-white text-black hover:bg-[#6C9D30] hover:text-white cursor-pointer"
          data-slot="button"
        >
          <svg
            class="rotate-180"
            fill="none"
            viewBox="0 0 17 15"
            xmlns="http://www.w3.org/2000/svg"
          >
            <path
              d="M1.25 7.72607H16.25"
              stroke="currentColor"
              stroke-linecap="round"
              stroke-linejoin="round"
              stroke-width="1.5"
            />
            <path
              d="M7.30005 1.70105L1.25005 7.72505L7.30005 13.75"
              stroke="currentColor"
              stroke-linecap="round"
              stroke-linejoin="round"
              stroke-width="1.5"
            />
          </svg>
        </button>
      </div>
    </div>
    <div>
      <div>
        <div>
          <div
            class="text-card-foreground flex flex-col gap-6 dark:bg-zinc-800 h-full border-0 shadow-none p-0 bg-white rounded-lg"
            data-slot="card"
          >
            <div
              class="p-6 h-full flex flex-col"
              data-slot="card-content"
            >
              <div
                class="mb-4"
              >
                <svg
                  aria-hidden="true"
                  class="lucide lucide-quote h-[26px] w-9 text-green-300 fill-current"
                  fill="none"
                  height="24"
                  stroke="currentColor"
                  stroke-linecap="round"
                  stroke-linejoin="round"
                  stroke-width="2"
                  viewBox="0 0 24 24"
                  width="24"
                  xmlns="http://www.w3.org/2000/svg"
                >
                  <path
                    d="M16 3a2 2 0 0 0-2 2v6a2 2 0 0 0 2 2 1 1 0 0 1 1 1v1a2 2 0 0 1-2 2 1 1 0 0 0-1 1v2a1 1 0 0 0 1 1 6 6 0 0 0 6-6V5a2 2 0 0 0-2-2z"
                  />
                  <path
                    d="M5 3a2 2 0 0 0-2 2v6a2 2 0 0 0 2 2 1 1 0 0 1 1 1v1a2 2 0 0 1-2 2 1 1 0 0 0-1 1v2a1 1 0 0 0 1 1 6 6 0 0 0 6-6V5a2 2 0 0 0-2-2z"
                  />
                </svg>
              </div>
              <p
                class="text-[#4D4D4D] dark:text-slate-400 font-normal text-sm	mb-6 flex-grow"
              >
                Pellentesque eu nibh eget mauris congue mattis mattis nec tellus. Phasellus imperdiet elit eu magna dictum, bibendum cursus velit sodales. Donec sed neque eget
              </p>
              <div
                class="flex items-center justify-between"
              >
                <div
                  class="flex items-center gap-3"
                >
                  <span
                    class="relative flex size-8 shrink-0 overflow-hidden rounded-full h-14 w-14"
                    data-slot="avatar"
                  >
                    <span
                      class="bg-muted flex size-full items-center justify-center rounded-full"
                      data-slot="avatar-fallback"
                    >
                      RF
                    </span>
                  </span>
                  <div>
                    <h4
                      class="font-semibold text-black dark:text-white text-sm"
                    >
                      Robert Fox
                    </h4>
                    <p
                      class="text-charcoalGray-60 dark:text-[#DEDEDE] text-xs font-normal"
                    >
                      Customer
                    </p>
                  </div>
                </div>
                <div
                  class="flex gap-1"
                >
                  <svg
                    fill="none"
                    height="19px"
                    viewBox="0 0 20 19"
                    width="20px"
                    xmlns="http://www.w3.org/2000/svg"
                  >
                    <path
                      clip-rule="evenodd"
                      d="M12.3316 7.12771L10.167 0L8.00235 7.12771H0.666992L6.60178 11.742L4.39913 19L10.167 14.5146L15.9348 19L13.7322 11.742L19.667 7.12771H12.3316Z"
                      fill="#FCA120"
                      fill-rule="evenodd"
                    />
                  </svg>
                  <svg
                    fill="none"
                    height="19px"
                    viewBox="0 0 20 19"
                    width="20px"
                    xmlns="http://www.w3.org/2000/svg"
                  >
                    <path
                      clip-rule="evenodd"
                      d="M12.3316 7.12771L10.167 0L8.00235 7.12771H0.666992L6.60178 11.742L4.39913 19L10.167 14.5146L15.9348 19L13.7322 11.742L19.667 7.12771H12.3316Z"
                      fill="#FCA120"
                      fill-rule="evenodd"
                    />
                  </svg>
                  <svg
                    fill="none"
                    height="19px"
                    viewBox="0 0 20 19"
                    width="20px"
                    xmlns="http://www.w3.org/2000/svg"
                  >
                    <path
                      clip-rule="evenodd"
                      d="M12.3316 7.12771L10.167 0L8.00235 7.12771H0.666992L6.60178 11.742L4.39913 19L10.167 14.5146L15.9348 19L13.7322 11.742L19.667 7.12771H12.3316Z"
                      fill="#FCA120"
                      fill-rule="evenodd"
                    />
                  </svg>
                  <svg
                    fill="none"
                    height="19px"
                    viewBox="0 0 20 19"
                    width="20px"
                    xmlns="http://www.w3.org/2000/svg"
                  >
                    <path
                      clip-rule="evenodd"
                      d="M12.3316 7.12771L10.167 0L8.00235 7.12771H0.666992L6.60178 11.742L4.39913 19L10.167 14.5146L15.9348 19L13.7322 11.742L19.667 7.12771H12.3316Z"
                      fill="#FCA120"
                      fill-rule="evenodd"
                    />
                  </svg>
                  <svg
                    fill="none"
                    height="19px"
                    viewBox="0 0 20 19"
                    width="20px"
                    xmlns="http://www.w3.org/2000/svg"
                  >
                    <path
                      clip-rule="evenodd"
                      d="M12.3316 7.12771L10.167 0L8.00235 7.12771H0.666992L6.60178 11.742L4.39913 19L10.167 14.5146L15.9348 19L13.7322 11.742L19.667 7.12771H12.3316Z"
                      fill="#FCA120"
                      fill-rule="evenodd"
                    />
                  </svg>
                </div>
              </div>
            </div>
          </div>
        </div>
        <div>
          <div
            class="text-card-foreground flex flex-col gap-6 dark:bg-zinc-800 h-full border-0 shadow-none p-0 bg-white rounded-lg"
            data-slot="card"
          >
            <div
              class="p-6 h-full flex flex-col"
              data-slot="card-content"
            >
              <div
                class="mb-4"
              >
                <svg
                  aria-hidden="true"
                  class="lucide lucide-quote h-[26px] w-9 text-green-300 fill-current"
                  fill="none"
                  height="24"
                  stroke="currentColor"
                  stroke-linecap="round"
                  stroke-linejoin="round"
                  stroke-width="2"
                  viewBox="0 0 24 24"
                  width="24"
                  xmlns="http://www.w3.org/2000/svg"
                >
                  <path
                    d="M16 3a2 2 0 0 0-2 2v6a2 2 0 0 0 2 2 1 1 0 0 1 1 1v1a2 2 0 0 1-2 2 1 1 0 0 0-1 1v2a1 1 0 0 0 1 1 6 6 0 0 0 6-6V5a2 2 0 0 0-2-2z"
                  />
                  <path
                    d="M5 3a2 2 0 0 0-2 2v6a2 2 0 0 0 2 2 1 1 0 0 1 1 1v1a2 2 0 0 1-2 2 1 1 0 0 0-1 1v2a1 1 0 0 0 1 1 6 6 0 0 0 6-6V5a2 2 0 0 0-2-2z"
                  />
                </svg>
              </div>
              <p
                class="text-[#4D4D4D] dark:text-slate-400 font-normal text-sm	mb-6 flex-grow"
              >
                Pellentesque eu nibh eget mauris congue mattis mattis nec tellus. Phasellus imperdiet elit eu magna dictum, bibendum cursus velit sodales. Donec sed neque eget
              </p>
              <div
                class="flex items-center justify-between"
              >
                <div
                  class="flex items-center gap-3"
                >
                  <span
                    class="relative flex size-8 shrink-0 overflow-hidden rounded-full h-14 w-14"
                    data-slot="avatar"
                  >
                    <span
                      class="bg-muted flex size-full items-center justify-center rounded-full"
                      data-slot="avatar-fallback"
                    >
                      DR
                    </span>
                  </span>
                  <div>
                    <h4
                      class="font-semibold text-black dark:text-white text-sm"
                    >
                      Dianne Russell
                    </h4>
                    <p
                      class="text-charcoalGray-60 dark:text-[#DEDEDE] text-xs font-normal"
                    >
                      Customer
                    </p>
                  </div>
                </div>
                <div
                  class="flex gap-1"
                >
                  <svg
                    fill="none"
                    height="19px"
                    viewBox="0 0 20 19"
                    width="20px"
                    xmlns="http://www.w3.org/2000/svg"
                  >
                    <path
                      clip-rule="evenodd"
                      d="M12.3316 7.12771L10.167 0L8.00235 7.12771H0.666992L6.60178 11.742L4.39913 19L10.167 14.5146L15.9348 19L13.7322 11.742L19.667 7.12771H12.3316Z"
                      fill="#FCA120"
                      fill-rule="evenodd"
                    />
                  </svg>
                  <svg
                    fill="none"
                    height="19px"
                    viewBox="0 0 20 19"
                    width="20px"
                    xmlns="http://www.w3.org/2000/svg"
                  >
                    <path
                      clip-rule="evenodd"
                      d="M12.3316 7.12771L10.167 0L8.00235 7.12771H0.666992L6.60178 11.742L4.39913 19L10.167 14.5146L15.9348 19L13.7322 11.742L19.667 7.12771H12.3316Z"
                      fill="#FCA120"
                      fill-rule="evenodd"
                    />
                  </svg>
                  <svg
                    fill="none"
                    height="19px"
                    viewBox="0 0 20 19"
                    width="20px"
                    xmlns="http://www.w3.org/2000/svg"
                  >
                    <path
                      clip-rule="evenodd"
                      d="M12.3316 7.12771L10.167 0L8.00235 7.12771H0.666992L6.60178 11.742L4.39913 19L10.167 14.5146L15.9348 19L13.7322 11.742L19.667 7.12771H12.3316Z"
                      fill="#FCA120"
                      fill-rule="evenodd"
                    />
                  </svg>
                  <svg
                    fill="none"
                    height="19px"
                    viewBox="0 0 20 19"
                    width="20px"
                    xmlns="http://www.w3.org/2000/svg"
                  >
                    <path
                      clip-rule="evenodd"
                      d="M12.3316 7.12771L10.167 0L8.00235 7.12771H0.666992L6.60178 11.742L4.39913 19L10.167 14.5146L15.9348 19L13.7322 11.742L19.667 7.12771H12.3316Z"
                      fill="#FCA120"
                      fill-rule="evenodd"
                    />
                  </svg>
                  <svg
                    fill="none"
                    height="19px"
                    viewBox="0 0 20 19"
                    width="20px"
                    xmlns="http://www.w3.org/2000/svg"
                  >
                    <path
                      clip-rule="evenodd"
                      d="M12.3316 7.12771L10.167 0L8.00235 7.12771H0.666992L6.60178 11.742L4.39913 19L10.167 14.5146L15.9348 19L13.7322 11.742L19.667 7.12771H12.3316Z"
                      fill="#FCA120"
                      fill-rule="evenodd"
                    />
                  </svg>
                </div>
              </div>
            </div>
          </div>
        </div>
        <div>
          <div
            class="text-card-foreground flex flex-col gap-6 dark:bg-zinc-800 h-full border-0 shadow-none p-0 bg-white rounded-lg"
            data-slot="card"
          >
            <div
              class="p-6 h-full flex flex-col"
              data-slot="card-content"
            >
              <div
                class="mb-4"
              >
                <svg
                  aria-hidden="true"
                  class="lucide lucide-quote h-[26px] w-9 text-green-300 fill-current"
                  fill="none"
                  height="24"
                  stroke="currentColor"
                  stroke-linecap="round"
                  stroke-linejoin="round"
                  stroke-width="2"
                  viewBox="0 0 24 24"
                  width="24"
                  xmlns="http://www.w3.org/2000/svg"
                >
                  <path
                    d="M16 3a2 2 0 0 0-2 2v6a2 2 0 0 0 2 2 1 1 0 0 1 1 1v1a2 2 0 0 1-2 2 1 1 0 0 0-1 1v2a1 1 0 0 0 1 1 6 6 0 0 0 6-6V5a2 2 0 0 0-2-2z"
                  />
                  <path
                    d="M5 3a2 2 0 0 0-2 2v6a2 2 0 0 0 2 2 1 1 0 0 1 1 1v1a2 2 0 0 1-2 2 1 1 0 0 0-1 1v2a1 1 0 0 0 1 1 6 6 0 0 0 6-6V5a2 2 0 0 0-2-2z"
                  />
                </svg>
              </div>
              <p
                class="text-[#4D4D4D] dark:text-slate-400 font-normal text-sm	mb-6 flex-grow"
              >
                Pellentesque eu nibh eget mauris congue mattis mattis nec tellus. Phasellus imperdiet elit eu magna dictum, bibendum cursus velit sodales. Donec sed neque eget
              </p>
              <div
                class="flex items-center justify-between"
              >
                <div
                  class="flex items-center gap-3"
                >
                  <span
                    class="relative flex size-8 shrink-0 overflow-hidden rounded-full h-14 w-14"
                    data-slot="avatar"
                  >
                    <span
                      class="bg-muted flex size-full items-center justify-center rounded-full"
                      data-slot="avatar-fallback"
                    >
                      EP
                    </span>
                  </span>
                  <div>
                    <h4
                      class="font-semibold text-black dark:text-white text-sm"
                    >
                      Eleanor Pena
                    </h4>
                    <p
                      class="text-charcoalGray-60 dark:text-[#DEDEDE] text-xs font-normal"
                    >
                      Customer
                    </p>
                  </div>
                </div>
                <div
                  class="flex gap-1"
                >
                  <svg
                    fill="none"
                    height="19px"
                    viewBox="0 0 20 19"
                    width="20px"
                    xmlns="http://www.w3.org/2000/svg"
                  >
                    <path
                      clip-rule="evenodd"
                      d="M12.3316 7.12771L10.167 0L8.00235 7.12771H0.666992L6.60178 11.742L4.39913 19L10.167 14.5146L15.9348 19L13.7322 11.742L19.667 7.12771H12.3316Z"
                      fill="#FCA120"
                      fill-rule="evenodd"
                    />
                  </svg>
                  <svg
                    fill="none"
                    height="19px"
                    viewBox="0 0 20 19"
                    width="20px"
                    xmlns="http://www.w3.org/2000/svg"
                  >
                    <path
                      clip-rule="evenodd"
                      d="M12.3316 7.12771L10.167 0L8.00235 7.12771H0.666992L6.60178 11.742L4.39913 19L10.167 14.5146L15.9348 19L13.7322 11.742L19.667 7.12771H12.3316Z"
                      fill="#FCA120"
                      fill-rule="evenodd"
                    />
                  </svg>
                  <svg
                    fill="none"
                    height="19px"
                    viewBox="0 0 20 19"
                    width="20px"
                    xmlns="http://www.w3.org/2000/svg"
                  >
                    <path
                      clip-rule="evenodd"
                      d="M12.3316 7.12771L10.167 0L8.00235 7.12771H0.666992L6.60178 11.742L4.39913 19L10.167 14.5146L15.9348 19L13.7322 11.742L19.667 7.12771H12.3316Z"
                      fill="#FCA120"
                      fill-rule="evenodd"
                    />
                  </svg>
                  <svg
                    fill="none"
                    height="19px"
                    viewBox="0 0 20 19"
                    width="20px"
                    xmlns="http://www.w3.org/2000/svg"
                  >
                    <path
                      clip-rule="evenodd"
                      d="M12.3316 7.12771L10.167 0L8.00235 7.12771H0.666992L6.60178 11.742L4.39913 19L10.167 14.5146L15.9348 19L13.7322 11.742L19.667 7.12771H12.3316Z"
                      fill="#FCA120"
                      fill-rule="evenodd"
                    />
                  </svg>
                  <svg
                    fill="none"
                    height="19px"
                    viewBox="0 0 20 19"
                    width="20px"
                    xmlns="http://www.w3.org/2000/svg"
                  >
                    <path
                      clip-rule="evenodd"
                      d="M12.3316 7.12771L10.167 0L8.00235 7.12771H0.666992L6.60178 11.742L4.39913 19L10.167 14.5146L15.9348 19L13.7322 11.742L19.667 7.12771H12.3316Z"
                      fill="#FCA120"
                      fill-rule="evenodd"
                    />
                  </svg>
                </div>
              </div>
            </div>
          </div>
        </div>
        <div>
          <div
            class="text-card-foreground flex flex-col gap-6 dark:bg-zinc-800 h-full border-0 shadow-none p-0 bg-white rounded-lg"
            data-slot="card"
          >
            <div
              class="p-6 h-full flex flex-col"
              data-slot="card-content"
            >
              <div
                class="mb-4"
              >
                <svg
                  aria-hidden="true"
                  class="lucide lucide-quote h-[26px] w-9 text-green-300 fill-current"
                  fill="none"
                  height="24"
                  stroke="currentColor"
                  stroke-linecap="round"
                  stroke-linejoin="round"
                  stroke-width="2"
                  viewBox="0 0 24 24"
                  width="24"
                  xmlns="http://www.w3.org/2000/svg"
                >
                  <path
                    d="M16 3a2 2 0 0 0-2 2v6a2 2 0 0 0 2 2 1 1 0 0 1 1 1v1a2 2 0 0 1-2 2 1 1 0 0 0-1 1v2a1 1 0 0 0 1 1 6 6 0 0 0 6-6V5a2 2 0 0 0-2-2z"
                  />
                  <path
                    d="M5 3a2 2 0 0 0-2 2v6a2 2 0 0 0 2 2 1 1 0 0 1 1 1v1a2 2 0 0 1-2 2 1 1 0 0 0-1 1v2a1 1 0 0 0 1 1 6 6 0 0 0 6-6V5a2 2 0 0 0-2-2z"
                  />
                </svg>
              </div>
              <p
                class="text-[#4D4D4D] dark:text-slate-400 font-normal text-sm	mb-6 flex-grow"
              >
                Pellentesque eu nibh eget mauris congue mattis mattis nec tellus. Phasellus imperdiet elit eu magna dictum, bibendum cursus velit sodales. Donec sed neque eget
              </p>
              <div
                class="flex items-center justify-between"
              >
                <div
                  class="flex items-center gap-3"
                >
                  <span
                    class="relative flex size-8 shrink-0 overflow-hidden rounded-full h-14 w-14"
                    data-slot="avatar"
                  >
                    <span
                      class="bg-muted flex size-full items-center justify-center rounded-full"
                      data-slot="avatar-fallback"
                    >
                      EP
                    </span>
                  </span>
                  <div>
                    <h4
                      class="font-semibold text-black dark:text-white text-sm"
                    >
                      Eleanor Pena
                    </h4>
                    <p
                      class="text-charcoalGray-60 dark:text-[#DEDEDE] text-xs font-normal"
                    >
                      Customer
                    </p>
                  </div>
                </div>
                <div
                  class="flex gap-1"
                >
                  <svg
                    fill="none"
                    height="19px"
                    viewBox="0 0 20 19"
                    width="20px"
                    xmlns="http://www.w3.org/2000/svg"
                  >
                    <path
                      clip-rule="evenodd"
                      d="M12.3316 7.12771L10.167 0L8.00235 7.12771H0.666992L6.60178 11.742L4.39913 19L10.167 14.5146L15.9348 19L13.7322 11.742L19.667 7.12771H12.3316Z"
                      fill="#FCA120"
                      fill-rule="evenodd"
                    />
                  </svg>
                  <svg
                    fill="none"
                    height="19px"
                    viewBox="0 0 20 19"
                    width="20px"
                    xmlns="http://www.w3.org/2000/svg"
                  >
                    <path
                      clip-rule="evenodd"
                      d="M12.3316 7.12771L10.167 0L8.00235 7.12771H0.666992L6.60178 11.742L4.39913 19L10.167 14.5146L15.9348 19L13.7322 11.742L19.667 7.12771H12.3316Z"
                      fill="#FCA120"
                      fill-rule="evenodd"
                    />
                  </svg>
                  <svg
                    fill="none"
                    height="19px"
                    viewBox="0 0 20 19"
                    width="20px"
                    xmlns="http://www.w3.org/2000/svg"
                  >
                    <path
                      clip-rule="evenodd"
                      d="M12.3316 7.12771L10.167 0L8.00235 7.12771H0.666992L6.60178 11.742L4.39913 19L10.167 14.5146L15.9348 19L13.7322 11.742L19.667 7.12771H12.3316Z"
                      fill="#FCA120"
                      fill-rule="evenodd"
                    />
                  </svg>
                  <svg
                    fill="none"
                    height="19px"
                    viewBox="0 0 20 19"
                    width="20px"
                    xmlns="http://www.w3.org/2000/svg"
                  >
                    <path
                      clip-rule="evenodd"
                      d="M12.3316 7.12771L10.167 0L8.00235 7.12771H0.666992L6.60178 11.742L4.39913 19L10.167 14.5146L15.9348 19L13.7322 11.742L19.667 7.12771H12.3316Z"
                      fill="#FCA120"
                      fill-rule="evenodd"
                    />
                  </svg>
                  <svg
                    fill="none"
                    height="19px"
                    viewBox="0 0 20 19"
                    width="20px"
                    xmlns="http://www.w3.org/2000/svg"
                  >
                    <path
                      clip-rule="evenodd"
                      d="M12.3316 7.12771L10.167 0L8.00235 7.12771H0.666992L6.60178 11.742L4.39913 19L10.167 14.5146L15.9348 19L13.7322 11.742L19.667 7.12771H12.3316Z"
                      fill="#FCA120"
                      fill-rule="evenodd"
                    />
                  </svg>
                </div>
              </div>
            </div>
          </div>
        </div>
      </div>
      <button>
        Prev
      </button>
      <button>
        Next
      </button>
    </div>
  </div>
</div>
`;
