// Jest Snapshot v1, https://jestjs.io/docs/snapshot-testing

exports[`CarouselWithSideControls component Renders CarouselWithSideControls component 1`] = `
<div>
  <div
    class="w-full flex justify-center"
  >
    <div>
      <div>
        <div>
          <div
            class="p-4"
          >
            <div
              class="bg-card text-card-foreground flex flex-col p-5 shadow-sm w-full gap-4"
              data-slot="card"
            >
              <div
                class="@container/card-header grid auto-rows-min grid-rows-[auto_auto] items-start has-data-[slot=card-action]:grid-cols-[1fr_auto] [.border-b]:pb-6 p-0"
                data-slot="card-header"
              >
                <img
                  alt="Jenny Wilson"
                  class="w-full h-auto object-cover"
                  src="/assets/jenny-wilson.svg"
                />
              </div>
              <div
                class="flex flex-col"
                data-slot="card-content"
              >
                <span
                  class="text-lg font-semibold text-black"
                >
                  Jenny Wilson
                </span>
                <p
                  class="text-gray-500 text-sm font-normal"
                >
                  Ceo & Founder
                </p>
              </div>
            </div>
          </div>
        </div>
        <div>
          <div
            class="p-4"
          >
            <div
              class="bg-card text-card-foreground flex flex-col p-5 shadow-sm w-full gap-4"
              data-slot="card"
            >
              <div
                class="@container/card-header grid auto-rows-min grid-rows-[auto_auto] items-start has-data-[slot=card-action]:grid-cols-[1fr_auto] [.border-b]:pb-6 p-0"
                data-slot="card-header"
              >
                <img
                  alt="Jane Cooper"
                  class="w-full h-auto object-cover"
                  src="/assets/jane-cooper.svg"
                />
              </div>
              <div
                class="flex flex-col"
                data-slot="card-content"
              >
                <span
                  class="text-lg font-semibold text-black"
                >
                  Jane Cooper
                </span>
                <p
                  class="text-gray-500 text-sm font-normal"
                >
                  Worker
                </p>
              </div>
            </div>
          </div>
        </div>
        <div>
          <div
            class="p-4"
          >
            <div
              class="bg-card text-card-foreground flex flex-col p-5 shadow-sm w-full gap-4"
              data-slot="card"
            >
              <div
                class="@container/card-header grid auto-rows-min grid-rows-[auto_auto] items-start has-data-[slot=card-action]:grid-cols-[1fr_auto] [.border-b]:pb-6 p-0"
                data-slot="card-header"
              >
                <img
                  alt="Cody Fisher"
                  class="w-full h-auto object-cover"
                  src="/assets/cody-fisher.svg"
                />
              </div>
              <div
                class="flex flex-col"
                data-slot="card-content"
              >
                <span
                  class="text-lg font-semibold text-black"
                >
                  Cody Fisher
                </span>
                <p
                  class="text-gray-500 text-sm font-normal"
                >
                  Security Guard
                </p>
              </div>
            </div>
          </div>
        </div>
        <div>
          <div
            class="p-4"
          >
            <div
              class="bg-card text-card-foreground flex flex-col p-5 shadow-sm w-full gap-4"
              data-slot="card"
            >
              <div
                class="@container/card-header grid auto-rows-min grid-rows-[auto_auto] items-start has-data-[slot=card-action]:grid-cols-[1fr_auto] [.border-b]:pb-6 p-0"
                data-slot="card-header"
              >
                <img
                  alt="Robert Fox"
                  class="w-full h-auto object-cover"
                  src="/assets/robert-fox.svg"
                />
              </div>
              <div
                class="flex flex-col"
                data-slot="card-content"
              >
                <span
                  class="text-lg font-semibold text-black"
                >
                  Robert Fox
                </span>
                <p
                  class="text-gray-500 text-sm font-normal"
                >
                  Senior Farmer Manager
                </p>
              </div>
            </div>
          </div>
        </div>
        <div>
          <div
            class="p-4"
          >
            <div
              class="bg-card text-card-foreground flex flex-col p-5 shadow-sm w-full gap-4"
              data-slot="card"
            >
              <div
                class="@container/card-header grid auto-rows-min grid-rows-[auto_auto] items-start has-data-[slot=card-action]:grid-cols-[1fr_auto] [.border-b]:pb-6 p-0"
                data-slot="card-header"
              >
                <img
                  alt="Kristin Watson"
                  class="w-full h-auto object-cover"
                  src="/assets/kristin-watson.svg"
                />
              </div>
              <div
                class="flex flex-col"
                data-slot="card-content"
              >
                <span
                  class="text-lg font-semibold text-black"
                >
                  Kristin Watson
                </span>
                <p
                  class="text-gray-500 text-sm font-normal"
                >
                  Marketing Specialist
                </p>
              </div>
            </div>
          </div>
        </div>
        <div>
          <div
            class="p-4"
          >
            <div
              class="bg-card text-card-foreground flex flex-col p-5 shadow-sm w-full gap-4"
              data-slot="card"
            >
              <div
                class="@container/card-header grid auto-rows-min grid-rows-[auto_auto] items-start has-data-[slot=card-action]:grid-cols-[1fr_auto] [.border-b]:pb-6 p-0"
                data-slot="card-header"
              >
                <img
                  alt="Leslie Alexander"
                  class="w-full h-auto object-cover"
                  src="/assets/leslie-alexander.svg"
                />
              </div>
              <div
                class="flex flex-col"
                data-slot="card-content"
              >
                <span
                  class="text-lg font-semibold text-black"
                >
                  Leslie Alexander
                </span>
                <p
                  class="text-gray-500 text-sm font-normal"
                >
                  Lead Agronomist
                </p>
              </div>
            </div>
          </div>
        </div>
        <div>
          <div
            class="p-4"
          >
            <div
              class="bg-card text-card-foreground flex flex-col p-5 shadow-sm w-full gap-4"
              data-slot="card"
            >
              <div
                class="@container/card-header grid auto-rows-min grid-rows-[auto_auto] items-start has-data-[slot=card-action]:grid-cols-[1fr_auto] [.border-b]:pb-6 p-0"
                data-slot="card-header"
              >
                <img
                  alt="Guy Hawkins"
                  class="w-full h-auto object-cover"
                  src="/assets/guy-hawkins.svg"
                />
              </div>
              <div
                class="flex flex-col"
                data-slot="card-content"
              >
                <span
                  class="text-lg font-semibold text-black"
                >
                  Guy Hawkins
                </span>
                <p
                  class="text-gray-500 text-sm font-normal"
                >
                  Logistics Coordinator
                </p>
              </div>
            </div>
          </div>
        </div>
        <div>
          <div
            class="p-4"
          >
            <div
              class="bg-card text-card-foreground flex flex-col p-5 shadow-sm w-full gap-4"
              data-slot="card"
            >
              <div
                class="@container/card-header grid auto-rows-min grid-rows-[auto_auto] items-start has-data-[slot=card-action]:grid-cols-[1fr_auto] [.border-b]:pb-6 p-0"
                data-slot="card-header"
              >
                <img
                  alt="Arlene McCoy"
                  class="w-full h-auto object-cover"
                  src="/assets/arlene-mccoy.svg"
                />
              </div>
              <div
                class="flex flex-col"
                data-slot="card-content"
              >
                <span
                  class="text-lg font-semibold text-black"
                >
                  Arlene McCoy
                </span>
                <p
                  class="text-gray-500 text-sm font-normal"
                >
                  Finance Manager
                </p>
              </div>
            </div>
          </div>
        </div>
      </div>
      <button>
        Prev
      </button>
      <button>
        Next
      </button>
    </div>
  </div>
</div>
`;
